// Jest Snapshot v1, https://goo.gl/fbAQLP

exports[`Mark renders correctly 1`] = `
.c0 {
  background-color: rgba(230,240,40,0.8);
  border-color: rgba(0,0,0,0.1);
  border-radius: 0.25em;
  border-style: solid;
  border-width: 1px;
  box-shadow: inset 0 0 10px rgba(0,0,0,0.2);
  color: rgba(0,0,0,0.75);
  padding-left: 0.2em;
  padding-right: 0.2em;
}

<mark
  class="c0"
>
  This is marked text.
</mark>
`;
