// Jest Snapshot v1, https://goo.gl/fbAQLP

exports[`Haiku Photo renders correctly 1`] = `
.c0 {
  border-bottom-width: 1px;
  border-color: var(--colorForegroundSoft);
  border-left-width: 0;
  border-right-width: 1px;
  border-style: solid;
  border-top-width: 1px;
  grid-column: 1 / -3;
  grid-row: 3;
  -webkit-transition-duration: 500ms;
  transition-duration: 500ms;
  -webkit-transition-property: box-shadow;
  transition-property: box-shadow;
  -webkit-transition-timing-function: ease-in-out;
  transition-timing-function: ease-in-out;
}

.c0:hover,
.c0:focus {
  box-shadow: 0 0 50px rgba(0,0,0,0.2);
}

@media (min-width:768px) {
  .c0 {
    grid-column: 1 / -4;
  }
}

<div
  class="c0"
>
  <div
    class=" gatsby-image-wrapper"
    style="position: relative; overflow: hidden;"
  >
    <div
      aria-hidden="true"
      style="width: 100%; padding-bottom: 151.5151515151515%;"
    />
    <img
      alt=""
      aria-hidden="true"
      src="data:image/jpeg;base64,XYZ"
      style="position: absolute; top: 0px; left: 0px; width: 100%; height: 100%; object-fit: cover; object-position: center; opacity: 1; transition-delay: 500ms;"
    />
    <picture>
      <source
        sizes="(max-width: 1400px) 100vw, 1400px"
        srcset="/static/cover.jpg 200w, /static/cover.jpg 400w"
      />
      <img
        alt=""
        loading="lazy"
        sizes="(max-width: 1400px) 100vw, 1400px"
        src="/static/cover.jpg"
        srcset="/static/cover.jpg 200w, /static/cover.jpg 400w"
        style="position: absolute; top: 0px; left: 0px; width: 100%; height: 100%; object-fit: cover; object-position: center; opacity: 0; transition: opacity 500ms;"
      />
    </picture>
    <noscript>
      &lt;picture&gt;&lt;source srcset="/static/cover.jpg 200w, /static/cover.jpg 400w" sizes="(max-width: 1400px) 100vw, 1400px" /&gt;&lt;img loading="lazy" sizes="(max-width: 1400px) 100vw, 1400px" srcset="/static/cover.jpg 200w, /static/cover.jpg 400w" src="/static/cover.jpg" alt="" style="position:absolute;top:0;left:0;opacity:1;width:100%;height:100%;object-fit:cover;object-position:center"/&gt;&lt;/picture&gt;
    </noscript>
  </div>
</div>
`;
