// Jest Snapshot v1, https://goo.gl/fbAQLP

exports[`Homepage AboutMe renders correctly 1`] = `
.c4 {
  color: var(--colorForeground);
  font-weight: 600;
  -webkit-text-decoration-color: var(--colorForegroundSoft);
  text-decoration-color: var(--colorForegroundSoft);
  -webkit-text-decoration-thickness: 0.1em;
  text-decoration-thickness: 0.1em;
  text-underline-offset: 0.1em;
}

.c4:hover,
.c4:focus {
  -webkit-text-decoration-color: var(--colorAccent);
  text-decoration-color: var(--colorAccent);
}

.c5 {
  display: -webkit-inline-box;
  display: -webkit-inline-flex;
  display: -ms-inline-flexbox;
  display: inline-flex;
  fill: var(--colorForeground);
  margin-left: 0.2em;
  position: relative;
  top: 0.2em;
  -webkit-transition-duration: 500ms;
  transition-duration: 500ms;
  -webkit-transition-property: -webkit-transform;
  -webkit-transition-property: transform;
  transition-property: transform;
  -webkit-transition-timing-function: ease-in-out;
  transition-timing-function: ease-in-out;
}

a:hover .c5,
a:active .c5,
a:focus .c5 {
  -webkit-transform: translate3D(0.25rem,0,0);
  -ms-transform: translate3D(0.25rem,0,0);
  transform: translate3D(0.25rem,0,0);
}

.c1 {
  font-size: clamp(1.50rem,2.9vw,3.25rem);
  font-weight: 900;
  -webkit-letter-spacing: normal;
  -moz-letter-spacing: normal;
  -ms-letter-spacing: normal;
  letter-spacing: normal;
  line-height: 1.0;
  margin-bottom: clamp(1.44rem,3.70vw,1.728rem);
  margin-top: 0;
}

.c1 .autolink {
  background: transparent;
  display: -webkit-inline-box;
  display: -webkit-inline-flex;
  display: -ms-inline-flexbox;
  display: inline-flex;
  fill: var(--colorForeground);
  margin-left: clamp( 0.335rem,0.72vw,0.402rem);
  opacity: 0;
  vertical-align: middle;
}

.c1:hover .autolink,
.c1:focus .autolink {
  opacity: 0.5;
}

.c2 {
  font-size: clamp(1.00rem,1.1vw,1.25rem);
  font-weight: 400;
  -webkit-letter-spacing: normal;
  -moz-letter-spacing: normal;
  -ms-letter-spacing: normal;
  letter-spacing: normal;
  line-height: 1.6;
  margin-bottom: clamp(1.44rem,3.70vw,1.728rem);
  margin-top: 0;
}

.c3 {
  font-size: clamp(1.00rem,1.1vw,1.25rem);
  font-weight: 400;
  -webkit-letter-spacing: normal;
  -moz-letter-spacing: normal;
  -ms-letter-spacing: normal;
  letter-spacing: normal;
  line-height: 1.6;
  margin-bottom: 0;
  margin-top: 0;
}

.c0 {
  -webkit-align-self: center;
  -ms-flex-item-align: center;
  align-self: center;
  grid-column: 2 / -2;
  grid-row: 3;
}

@media screen and (prefers-reduced-motion:no-preference) {
  .c1 .autolink {
    -webkit-transition-duration: 500ms;
    transition-duration: 500ms;
    -webkit-transition-property: opacity;
    transition-property: opacity;
    -webkit-transition-timing-function: ease-in-out;
    transition-timing-function: ease-in-out;
  }
}

@media (min-width:768px) {
  .c0 {
    grid-column: 12 / -2;
    grid-row: 2;
  }
}

@media (min-width:1200px) {
  .c0 {
    grid-column: 13 / -3;
  }
}

<div
  class="c0"
  data-sal="slide-up"
  data-sal-delay="300"
  data-sal-duration="800"
>
  <h2
    class="c1"
  >
    About Me
    <span>
       
    </span>
  </h2>
  <p
    class="c2"
  >
    Iâ€™m a Front-End Web Developer and Designer from Hamburg, Germany. I love design and art, reading books, creating Sketchnotes, taking photos, and writing Haiku.
  </p>
  <p
    class="c3"
  >
    <a
      block="0"
      class="c4"
      href="/about/"
    >
      Read more about me
      <span
        class="c5"
      >
        <svg
          height="1em"
          viewBox="0 0 24 24"
          width="1em"
        >
          <path
            d="M0 0h24v24H0z"
            fill="none"
          />
          <path
            d="M16.172 11l-5.364-5.364 1.414-1.414L20 12l-7.778 7.778-1.414-1.414L16.172 13H4v-2z"
          />
        </svg>
      </span>
    </a>
  </p>
</div>
`;
