// Jest Snapshot v1, https://goo.gl/fbAQLP

exports[`ColorSwatch renders correctly 1`] = `
.c1 {
  border: 1px solid var(--colorTextSoft);
  border-radius: 5px;
  box-shadow: 0 5px 50px rgba(0,0,0,0.1);
  display: -webkit-box;
  display: -webkit-flex;
  display: -ms-flexbox;
  display: flex;
  -webkit-flex-direction: column;
  -ms-flex-direction: column;
  flex-direction: column;
  font-family: Helvetica,Arial,sans-serif;
  font-size: 0.7rem;
}

.c2 {
  background: lightgrey;
  border-top-left-radius: 5px;
  border-top-right-radius: 5px;
  height: 6rem;
}

.c4 {
  -webkit-align-items: center;
  -webkit-box-align: center;
  -ms-flex-align: center;
  align-items: center;
  cursor: pointer;
  display: -webkit-box;
  display: -webkit-flex;
  display: -ms-flexbox;
  display: flex;
  height: 30px;
  -webkit-box-pack: center;
  -webkit-justify-content: center;
  -ms-flex-pack: center;
  justify-content: center;
  position: absolute;
  right: 0;
  top: 0;
  width: 30px;
}

.c5 {
  fill: var(--colorTextFullContrast);
  font-size: 1rem;
}

.c3 {
  background: var(--colorBackgroundFullContrast);
  border-bottom-left-radius: 5px;
  border-bottom-right-radius: 5px;
  color: var(--colorTextFullContrast);
  min-height: 7rem;
  padding: 0.8rem 0.6rem;
  position: relative;
}

.c6 {
  font-size: 0.8rem;
  font-weight: bold;
  line-height: 1;
  padding-bottom: 0.3rem;
  padding-right: 20px;
}

.c7 {
  margin-bottom: 0.5rem;
  padding-right: 20px;
}

.c0 {
  width: 200px;
}

<div
  class="c0"
>
  <div
    class="c1"
  >
    <div
      class="c2"
      style="background-color: rgb(0, 92, 175);"
    />
    <div
      class="c3"
    >
      <div
        aria-label="Information"
        class="c4"
        role="button"
        tabindex="0"
      >
        <svg
          aria-label="Information Icon"
          class="c5"
          height="1em"
          role="img"
          viewBox="0 0 24 24"
          width="1em"
        >
          <path
            d="M0 0h24v24H0z"
            fill="none"
          />
          <path
            d="M12 22C6.477 22 2 17.523 2 12S6.477 2 12 2s10 4.477 10 10-4.477 10-10 10zm0-2a8 8 0 100-16 8 8 0 000 16zM11 7h2v2h-2V7zm0 4h2v6h-2v-6z"
          />
        </svg>
      </div>
      <div
        class="c6"
      >
        Lapis Lazuli
      </div>
      <div
        class="c7"
      >
        The soft, slightly purplish blue associated with the semi-precious stone.
      </div>
    </div>
  </div>
</div>
`;
