// Jest Snapshot v1, https://goo.gl/fbAQLP

exports[`IconLink renders correctly 1`] = `
.c0 {
  color: var(--colorForeground);
  font-weight: 600;
  -webkit-text-decoration-color: var(--colorForegroundSoft);
  text-decoration-color: var(--colorForegroundSoft);
  -webkit-text-decoration-thickness: 0.1em;
  text-decoration-thickness: 0.1em;
  text-underline-offset: 0.1em;
}

.c0:hover,
.c0:focus {
  -webkit-text-decoration-color: var(--colorAccent);
  text-decoration-color: var(--colorAccent);
}

.c1 {
  display: -webkit-inline-box;
  display: -webkit-inline-flex;
  display: -ms-inline-flexbox;
  display: inline-flex;
  fill: var(--colorForeground);
  margin-left: 0.2em;
  position: relative;
  top: 0.2em;
  -webkit-transition-duration: 500ms;
  transition-duration: 500ms;
  -webkit-transition-property: -webkit-transform;
  -webkit-transition-property: transform;
  transition-property: transform;
  -webkit-transition-timing-function: ease-in-out;
  transition-timing-function: ease-in-out;
}

<a
  block="0"
  class="c0"
  href="/"
>
  Icon Link
  <span
    class="c1"
  >
    <svg
      height="1em"
      viewBox="0 0 24 24"
      width="1em"
    >
      <path
        d="M0 0h24v24H0z"
        fill="none"
      />
      <path
        d="M16.172 11l-5.364-5.364 1.414-1.414L20 12l-7.778 7.778-1.414-1.414L16.172 13H4v-2z"
      />
    </svg>
  </span>
</a>
`;
