// Jest Snapshot v1, https://goo.gl/fbAQLP

exports[`Projects XingIllustrations renders correctly 1`] = `
.c0 {
  display: grid;
  grid-column: 1 / -1;
  grid-template-columns: repeat(18,1fr);
}

.c1 {
  display: grid;
  grid-column: 1 / -1;
  -webkit-align-items: center;
  -webkit-box-align: center;
  -ms-flex-align: center;
  align-items: center;
}

.c2 {
  height: 100%;
  position: relative;
  -webkit-transition-duration: 500ms;
  transition-duration: 500ms;
  -webkit-transition-property: -webkit-transform;
  -webkit-transition-property: transform;
  transition-property: transform;
  -webkit-transition-timing-function: ease-in-out;
  transition-timing-function: ease-in-out;
  width: 100%;
}

.c2:hover,
.c2:focus {
  -webkit-transform: scale(1.03);
  -ms-transform: scale(1.03);
  transform: scale(1.03);
}

.c2::after {
  box-shadow: 0 0 50px rgba(0,0,0,0.2);
  content: '';
  height: 100%;
  left: 0;
  opacity: 0;
  position: absolute;
  top: 0;
  -webkit-transition-duration: 500ms;
  transition-duration: 500ms;
  -webkit-transition-property: opacity;
  transition-property: opacity;
  -webkit-transition-timing-function: ease-in-out;
  transition-timing-function: ease-in-out;
  width: 100%;
  z-index: -1;
}

.c2:hover::after,
.c2:focus::after {
  opacity: 1;
}

.c3 {
  border-color: var(--colorForegroundSoft);
  border-style: solid;
  border-width: 1px;
}

.c4 {
  border-left-width: 0;
  border-right-width: 0;
}

@media screen and (prefers-reduced-motion:no-preference) {

}

@media (min-width:768px) {
  .c1 {
    grid-column: 1 / -6;
  }
}

@media (min-width:768px) {

}

@media (min-width:768px) {

}

@media (min-width:768px) {

}

@media (min-width:768px) {

}

@media (min-width:768px) {

}

@media (min-width:768px) {
  .c4 {
    border-right-width: 1px;
  }
}

<section
  class="c0"
>
  <div
    class="c1"
  >
    <div
      class="c2"
    >
      <div
        class="c3 c4 gatsby-image-wrapper"
        style="position: relative; overflow: hidden;"
      >
        <div
          aria-hidden="true"
          style="width: 100%; padding-bottom: 151.5151515151515%;"
        />
        <img
          alt=""
          aria-hidden="true"
          src="data:image/jpeg;base64,XYZ"
          style="position: absolute; top: 0px; left: 0px; width: 100%; height: 100%; object-fit: cover; object-position: center; opacity: 1; transition-delay: 500ms;"
        />
        <picture>
          <source
            sizes="(max-width: 1200px) 100vw, 1200px"
            srcset="/static/cover.jpg 200w, /static/cover.jpg 400w"
          />
          <img
            alt=""
            loading="lazy"
            sizes="(max-width: 1200px) 100vw, 1200px"
            src="/static/cover.jpg"
            srcset="/static/cover.jpg 200w, /static/cover.jpg 400w"
            style="position: absolute; top: 0px; left: 0px; width: 100%; height: 100%; object-fit: cover; object-position: center; opacity: 0; transition: opacity 500ms;"
          />
        </picture>
        <noscript>
          &lt;picture&gt;&lt;source srcset="/static/cover.jpg 200w, /static/cover.jpg 400w" sizes="(max-width: 1200px) 100vw, 1200px" /&gt;&lt;img loading="lazy" sizes="(max-width: 1200px) 100vw, 1200px" srcset="/static/cover.jpg 200w, /static/cover.jpg 400w" src="/static/cover.jpg" alt="" style="position:absolute;top:0;left:0;opacity:1;width:100%;height:100%;object-fit:cover;object-position:center"/&gt;&lt;/picture&gt;
        </noscript>
      </div>
    </div>
  </div>
</section>
`;
