// Jest Snapshot v1, https://goo.gl/fbAQLP

exports[`Column renders correctly 1`] = `
.c0 {
  grid-column: 1 / -1;
  width: 100%;
}

<div
  class="c0"
/>
`;
