// Jest Snapshot v1, https://goo.gl/fbAQLP

exports[`Emojify renders correctly 1`] = `
.c0 {
  font-size: clamp(1.00rem,1.1vw,1.25rem);
  font-weight: 400;
  -webkit-letter-spacing: normal;
  -moz-letter-spacing: normal;
  -ms-letter-spacing: normal;
  letter-spacing: normal;
  line-height: 1.6;
  margin-bottom: clamp(1.44rem,3.70vw,1.728rem);
  margin-top: 0;
}

.c1 {
  background: transparent;
  border: 0;
  cursor: pointer;
  height: 20px;
  width: 20px;
}

.c2 {
  font-size: 1.5rem;
}

<p
  class="c0"
>
  Click me âžœ
  <button
    aria-label="Hide Emoji"
    class="c1"
    type="button"
  >
    <span
      aria-hidden="true"
      class="c2"
      role="img"
    >
      ðŸ™ˆ
    </span>
  </button>
</p>
`;
