// Jest Snapshot v1, https://goo.gl/fbAQLP

exports[`CV Education renders correctly 1`] = `
.c0 {
  font-size: clamp(1.50rem,2.9vw,3.25rem);
  font-weight: 900;
  -webkit-letter-spacing: normal;
  -moz-letter-spacing: normal;
  -ms-letter-spacing: normal;
  letter-spacing: normal;
  line-height: 1.0;
  margin-bottom: clamp(1.44rem,3.70vw,1.728rem);
  margin-top: 0;
}

.c0 .autolink {
  background: transparent;
  display: -webkit-inline-box;
  display: -webkit-inline-flex;
  display: -ms-inline-flexbox;
  display: inline-flex;
  fill: var(--colorForeground);
  margin-left: clamp( 0.335rem,0.72vw,0.402rem);
  opacity: 0;
  vertical-align: middle;
}

.c0:hover .autolink,
.c0:focus .autolink {
  opacity: 0.5;
}

.c2 {
  font-size: clamp(1.25rem,1.8vw,2.00rem);
  font-weight: 900;
  -webkit-letter-spacing: normal;
  -moz-letter-spacing: normal;
  -ms-letter-spacing: normal;
  letter-spacing: normal;
  line-height: 1.0;
  margin-bottom: 0;
  margin-top: 0;
}

.c2 .autolink {
  background: transparent;
  display: -webkit-inline-box;
  display: -webkit-inline-flex;
  display: -ms-inline-flexbox;
  display: inline-flex;
  fill: var(--colorForeground);
  margin-left: clamp( 0.335rem,0.72vw,0.402rem);
  opacity: 0;
  vertical-align: middle;
}

.c2:hover .autolink,
.c2:focus .autolink {
  opacity: 0.5;
}

.c5 {
  font-size: clamp(1.00rem,1.1vw,1.25rem);
  font-weight: 900;
  -webkit-letter-spacing: normal;
  -moz-letter-spacing: normal;
  -ms-letter-spacing: normal;
  letter-spacing: normal;
  line-height: 1.0;
  margin-bottom: 0;
  margin-top: 0;
}

.c5 .autolink {
  background: transparent;
  display: -webkit-inline-box;
  display: -webkit-inline-flex;
  display: -ms-inline-flexbox;
  display: inline-flex;
  fill: var(--colorForeground);
  margin-left: clamp( 0.335rem,0.72vw,0.402rem);
  opacity: 0;
  vertical-align: middle;
}

.c5:hover .autolink,
.c5:focus .autolink {
  opacity: 0.5;
}

.c8 {
  color: var(--colorForeground);
  font-weight: 600;
  -webkit-text-decoration-color: var(--colorForegroundSoft);
  text-decoration-color: var(--colorForegroundSoft);
  -webkit-text-decoration-thickness: 0.1em;
  text-decoration-thickness: 0.1em;
  text-underline-offset: 0.1em;
}

.c8:hover,
.c8:focus {
  -webkit-text-decoration-color: var(--colorAccent);
  text-decoration-color: var(--colorAccent);
}

.c4 {
  display: -webkit-box;
  display: -webkit-flex;
  display: -ms-flexbox;
  display: flex;
  -webkit-flex-shrink: 0;
  -ms-flex-negative: 0;
  flex-shrink: 0;
  justify-items: center;
}

.c7 {
  line-height: 1;
}

.c6 {
  line-height: 1;
  margin-left: clamp( 0.335rem,0.72vw,0.402rem);
  margin-right: clamp( 0.335rem,0.72vw,0.402rem);
}

.c1 {
  font-weight: bold;
}

.c3 {
  font-style: italic;
  margin-bottom: clamp( 0.335rem,0.72vw,0.402rem);
}

@media screen and (prefers-reduced-motion:no-preference) {
  .c0 .autolink {
    -webkit-transition-duration: 500ms;
    transition-duration: 500ms;
    -webkit-transition-property: opacity;
    transition-property: opacity;
    -webkit-transition-timing-function: ease-in-out;
    transition-timing-function: ease-in-out;
  }
}

@media screen and (prefers-reduced-motion:no-preference) {
  .c2 .autolink {
    -webkit-transition-duration: 500ms;
    transition-duration: 500ms;
    -webkit-transition-property: opacity;
    transition-property: opacity;
    -webkit-transition-timing-function: ease-in-out;
    transition-timing-function: ease-in-out;
  }
}

@media screen and (prefers-reduced-motion:no-preference) {
  .c5 .autolink {
    -webkit-transition-duration: 500ms;
    transition-duration: 500ms;
    -webkit-transition-property: opacity;
    transition-property: opacity;
    -webkit-transition-timing-function: ease-in-out;
    transition-timing-function: ease-in-out;
  }
}

<section
  class=""
>
  <h2
    class="c0"
  >
    Education
  </h2>
  <div>
    <div
      class="c1"
    >
      <h3
        class="c2"
      >
        Computer Scientist
      </h3>
    </div>
    <div
      class="c3"
    >
      10/1999-09/2001
    </div>
    <div
      class="c4"
    >
      <h4
        class="c5"
      >
        bib International College
      </h4>
      <span
        class="c6"
      >
        â€¢
      </span>
      <span
        class="c7"
      >
        Hanover, Germany
      </span>
    </div>
    <div
      class=""
    >
      <a
        class="c8"
        href="https://www.bib.de"
        rel="nofollow noopener noreferrer external"
      >
        www.bib.de
      </a>
    </div>
  </div>
</section>
`;
